// Jest Snapshot v1, https://goo.gl/fbAQLP

exports[`Render PlayerForm component 1`] = `
<div
  className="player-form"
>
  <form
    onSubmit={[Function]}
  >
    <input
      onChange={[Function]}
      onFocus={[Function]}
      placeholder="Player name"
      type="text"
      value="Player 1"
    />
    <button
      disabled={false}
    >
      Add
    </button>
  </form>
</div>
`;
